\BOOKMARK [1][-]{section.1}{\376\377\0000\0004\000\137\000C\000o\000m\000m\000o\000n\000\137\000C\000N\000N\000\137\000a\000r\000c\000h\000i\000t\000e\000c\000t\000u\000r\000e\000s}{}% 1
\BOOKMARK [2][-]{subsection.1.1}{\376\377\000T\000a\000s\000k\000\040\0004\000.\0001\000:\000\040\000C\000l\000a\000s\000s\000i\000f\000i\000c\000a\000t\000i\000o\000n\000\040\000o\000n\000\040\000T\000i\000n\000y\000-\000I\000m\000a\000g\000e\000N\000e\000t}{section.1}% 2
\BOOKMARK [2][-]{subsection.1.2}{\376\377\000T\000a\000s\000k\000\040\0004\000.\0002\000:\000\040\000C\000o\000n\000v\000N\000e\000X\000t\000\040\000M\000o\000d\000e\000l\000\040\000S\000c\000a\000l\000i\000n\000g}{section.1}% 3
\BOOKMARK [1][-]{section.2}{\376\377\0000\0005\000\137\000R\000N\000N}{}% 4
\BOOKMARK [2][-]{subsection.2.1}{\376\377\000T\000a\000s\000k\000\040\0005\000.\0001\000:\000\040\000R\000N\000N\000\040\000R\000e\000g\000r\000e\000s\000s\000i\000o\000n}{section.2}% 5
\BOOKMARK [2][-]{subsection.2.2}{\376\377\000T\000a\000s\000k\000\040\0005\000.\0002\000:\000\040\000T\000e\000x\000t\000\040\000E\000m\000b\000e\000d\000d\000i\000n\000g\000s}{section.2}% 6
\BOOKMARK [2][-]{subsection.2.3}{\376\377\000T\000a\000s\000k\000\040\0005\000.\0003\000:\000\040\000T\000e\000x\000t\000\040\000G\000e\000n\000e\000r\000a\000t\000i\000o\000n}{section.2}% 7
\BOOKMARK [1][-]{section.3}{\376\377\0000\0006\000\137\000A\000u\000t\000o\000e\000n\000c\000o\000d\000e\000r\000s}{}% 8
\BOOKMARK [2][-]{subsection.3.1}{\376\377\000T\000a\000s\000k\000\040\0006\000.\0001\000:\000\040\000R\000e\000p\000r\000e\000s\000e\000n\000t\000a\000t\000i\000o\000n\000\040\000L\000e\000a\000r\000n\000i\000n\000g}{section.3}% 9
\BOOKMARK [2][-]{subsection.3.2}{\376\377\000T\000a\000s\000k\000\040\0006\000.\0002\000:\000\040\000C\000u\000s\000t\000o\000m\000\040\000L\000o\000s\000s\000\040\000F\000u\000n\000c\000t\000i\000o\000n\000s}{section.3}% 10
\BOOKMARK [1][-]{section.4}{\376\377\0000\0007\000\137\000V\000A\000E\000\137\000G\000A\000N}{}% 11
\BOOKMARK [2][-]{subsection.4.1}{\376\377\000T\000a\000s\000k\000\040\0007\000.\0001\000:\000\040\000M\000N\000I\000S\000T\000\040\000G\000e\000n\000e\000r\000a\000t\000i\000o\000n\000\040\000\050\000V\000A\000E\000/\000G\000A\000N\000\051}{section.4}% 12
\BOOKMARK [2][-]{subsection.4.2}{\376\377\000T\000a\000s\000k\000\040\0007\000.\0002\000:\000\040\000Q\000u\000a\000n\000t\000i\000t\000a\000t\000i\000v\000e\000\040\000v\000s\000\040\000Q\000u\000a\000l\000i\000t\000a\000t\000i\000v\000e}{section.4}% 13
\BOOKMARK [1][-]{section.5}{\376\377\0000\0008\000\137\000R\000L}{}% 14
\BOOKMARK [2][-]{subsection.5.1}{\376\377\000T\000a\000s\000k\000\040\0008\000.\0001\000:\000\040\000O\000n\000-\000p\000o\000l\000i\000c\000y\000\040\000v\000s\000\040\000O\000f\000f\000-\000p\000o\000l\000i\000c\000y}{section.5}% 15
\BOOKMARK [1][-]{section.6}{\376\377\0000\0009\000\137\000D\000i\000f\000f\000u\000s\000i\000o\000n\000\137\000M\000o\000d\000e\000l}{}% 16
\BOOKMARK [2][-]{subsection.6.1}{\376\377\000T\000a\000s\000k\000\040\0009\000.\0001\000:\000\040\000A\000d\000d\000\040\000N\000o\000i\000s\000e\000\040\000F\000u\000n\000c\000t\000i\000o\000n}{section.6}% 17
\BOOKMARK [2][-]{subsection.6.2}{\376\377\000T\000a\000s\000k\000\040\0009\000.\0002\000:\000\040\000T\000r\000a\000i\000n\000i\000n\000g\000\040\000L\000o\000o\000p}{section.6}% 18
\BOOKMARK [1][-]{section.7}{\376\377\0001\0000\000\137\000D\000a\000t\000a\000\137\000C\000l\000a\000s\000s\000i\000f\000i\000c\000a\000t\000i\000o\000n\000\137\000Y\000O\000L\000O}{}% 19
\BOOKMARK [2][-]{subsection.7.1}{\376\377\000T\000a\000s\000k\000\040\0001\0000\000.\0001\000:\000\040\000Y\000O\000L\000O\000\040\000C\000l\000a\000s\000s\000i\000f\000i\000c\000a\000t\000i\000o\000n}{section.7}% 20
\BOOKMARK [1][-]{appendix.A}{\376\377\000A\000p\000p\000e\000n\000d\000i\000x}{}% 21
